Archive member included to satisfy reference by file (symbol)

bin/libcore.a(wiring.c.o)     bin/Time.cpp.o (millis)
bin/libcore.a(wiring_digital.c.o)
                              bin/evController.cpp.o (pinMode)
bin/libcore.a(hooks.c.o)      bin/libcore.a(wiring.c.o) (yield)
bin/libcore.a(new.cpp.o)      bin/bbda.cpp.o (operator new[](unsigned int))
bin/libcore.a(HardwareSerial0.cpp.o)
                              bin/bbda.cpp.o (Serial)
bin/libcore.a(Print.cpp.o)    bin/SoftwareSerial.cpp.o (Print::write(unsigned char const*, unsigned int))
bin/libcore.a(abi.cpp.o)      bin/libcore.a(Print.cpp.o) (__cxa_pure_virtual)
bin/libcore.a(main.cpp.o)     /usr/lib/gcc/avr/7.2.0/../../../../avr/lib/avr5/crtatmega328p.o (main)
bin/libcore.a(HardwareSerial.cpp.o)
                              bin/libcore.a(HardwareSerial0.cpp.o) (HardwareSerial::available())
/usr/lib/gcc/avr/7.2.0/../../../../avr/lib/avr5/libm.a(addsf3.o)
                              bin/libcore.a(Print.cpp.o) (__subsf3)
/usr/lib/gcc/avr/7.2.0/../../../../avr/lib/avr5/libm.a(addsf3x.o)
                              /usr/lib/gcc/avr/7.2.0/../../../../avr/lib/avr5/libm.a(addsf3.o) (__addsf3x)
/usr/lib/gcc/avr/7.2.0/../../../../avr/lib/avr5/libm.a(cmpsf2.o)
                              bin/libcore.a(Print.cpp.o) (__ltsf2)
/usr/lib/gcc/avr/7.2.0/../../../../avr/lib/avr5/libm.a(divsf3.o)
                              bin/libcore.a(Print.cpp.o) (__divsf3)
/usr/lib/gcc/avr/7.2.0/../../../../avr/lib/avr5/libm.a(divsf3x.o)
                              /usr/lib/gcc/avr/7.2.0/../../../../avr/lib/avr5/libm.a(divsf3.o) (__divsf3x)
/usr/lib/gcc/avr/7.2.0/../../../../avr/lib/avr5/libm.a(fixunssfsi.o)
                              bin/libcore.a(Print.cpp.o) (__fixunssfsi)
/usr/lib/gcc/avr/7.2.0/../../../../avr/lib/avr5/libm.a(floatsisf.o)
                              bin/libcore.a(Print.cpp.o) (__floatunsisf)
/usr/lib/gcc/avr/7.2.0/../../../../avr/lib/avr5/libm.a(fp_cmp.o)
                              /usr/lib/gcc/avr/7.2.0/../../../../avr/lib/avr5/libm.a(cmpsf2.o) (__fp_cmp)
/usr/lib/gcc/avr/7.2.0/../../../../avr/lib/avr5/libm.a(fp_inf.o)
                              /usr/lib/gcc/avr/7.2.0/../../../../avr/lib/avr5/libm.a(addsf3x.o) (__fp_inf)
/usr/lib/gcc/avr/7.2.0/../../../../avr/lib/avr5/libm.a(fp_nan.o)
                              /usr/lib/gcc/avr/7.2.0/../../../../avr/lib/avr5/libm.a(addsf3x.o) (__fp_nan)
/usr/lib/gcc/avr/7.2.0/../../../../avr/lib/avr5/libm.a(fp_pscA.o)
                              /usr/lib/gcc/avr/7.2.0/../../../../avr/lib/avr5/libm.a(addsf3x.o) (__fp_pscA)
/usr/lib/gcc/avr/7.2.0/../../../../avr/lib/avr5/libm.a(fp_pscB.o)
                              /usr/lib/gcc/avr/7.2.0/../../../../avr/lib/avr5/libm.a(addsf3x.o) (__fp_pscB)
/usr/lib/gcc/avr/7.2.0/../../../../avr/lib/avr5/libm.a(fp_round.o)
                              /usr/lib/gcc/avr/7.2.0/../../../../avr/lib/avr5/libm.a(addsf3.o) (__fp_round)
/usr/lib/gcc/avr/7.2.0/../../../../avr/lib/avr5/libm.a(fp_split3.o)
                              /usr/lib/gcc/avr/7.2.0/../../../../avr/lib/avr5/libm.a(addsf3x.o) (__fp_split3)
/usr/lib/gcc/avr/7.2.0/../../../../avr/lib/avr5/libm.a(fp_zero.o)
                              /usr/lib/gcc/avr/7.2.0/../../../../avr/lib/avr5/libm.a(addsf3x.o) (__fp_zero)
/usr/lib/gcc/avr/7.2.0/../../../../avr/lib/avr5/libm.a(gesf2.o)
                              bin/libcore.a(Print.cpp.o) (__gtsf2)
/usr/lib/gcc/avr/7.2.0/../../../../avr/lib/avr5/libm.a(mulsf3.o)
                              bin/libcore.a(Print.cpp.o) (__mulsf3)
/usr/lib/gcc/avr/7.2.0/../../../../avr/lib/avr5/libm.a(mulsf3x.o)
                              /usr/lib/gcc/avr/7.2.0/../../../../avr/lib/avr5/libm.a(mulsf3.o) (__mulsf3x)
/usr/lib/gcc/avr/7.2.0/../../../../avr/lib/avr5/libm.a(unordsf2.o)
                              bin/libcore.a(Print.cpp.o) (__unordsf2)
/usr/lib/gcc/avr/7.2.0/avr5/libgcc.a(_divmodhi4.o)
                              bin/Time.cpp.o (__divmodhi4)
/usr/lib/gcc/avr/7.2.0/avr5/libgcc.a(_udivmodsi4.o)
                              bin/Time.cpp.o (__udivmodsi4)
/usr/lib/gcc/avr/7.2.0/avr5/libgcc.a(_divmodsi4.o)
                              bin/SoftwareSerial.cpp.o (__divmodsi4)
/usr/lib/gcc/avr/7.2.0/avr5/libgcc.a(_negsi2.o)
                              /usr/lib/gcc/avr/7.2.0/avr5/libgcc.a(_divmodsi4.o) (__negsi2)
/usr/lib/gcc/avr/7.2.0/avr5/libgcc.a(_exit.o)
                              /usr/lib/gcc/avr/7.2.0/../../../../avr/lib/avr5/crtatmega328p.o (exit)
/usr/lib/gcc/avr/7.2.0/avr5/libgcc.a(_copy_data.o)
                              bin/bbda.cpp.o (__do_copy_data)
/usr/lib/gcc/avr/7.2.0/avr5/libgcc.a(_clear_bss.o)
                              bin/bbda.cpp.o (__do_clear_bss)
/usr/lib/gcc/avr/7.2.0/avr5/libgcc.a(_ctors.o)
                              bin/bbda.cpp.o (__do_global_ctors)
/usr/lib/gcc/avr/7.2.0/avr5/libgcc.a(_dtors.o)
                              bin/bbda.cpp.o (__do_global_dtors)
/usr/lib/gcc/avr/7.2.0/avr5/libgcc.a(_bswapsi2.o)
[...]
Memory Configuration

Name             Origin             Length             Attributes
text             0x0000000000000000 0x0000000000020000 xr
data             0x0000000000800060 0x000000000000ffa0 rw !x
eeprom           0x0000000000810000 0x0000000000010000 rw !x
fuse             0x0000000000820000 0x0000000000000400 rw !x
lock             0x0000000000830000 0x0000000000000400 rw !x
signature        0x0000000000840000 0x0000000000000400 rw !x
user_signatures  0x0000000000850000 0x0000000000000400 rw !x
*default*        0x0000000000000000 0xffffffffffffffff

Linker script and memory map

Address of section .data set to 0x800100
LOAD /usr/lib/gcc/avr/7.2.0/../../../../avr/lib/avr5/crtatmega328p.o
LOAD bin/bbda.cpp.o
LOAD bin/evController.cpp.o
LOAD bin/scheduler.cpp.o
LOAD bin/Time.cpp.o
LOAD bin/DateStrings.cpp.o
LOAD bin/gsm_ard.cpp.o
LOAD bin/MemoryFree.cpp.o
LOAD bin/socket_bbd.cpp.o
LOAD bin/schedule.cpp.o
LOAD bin/dbg.cpp.o
LOAD bin/SoftwareSerial.cpp.o
LOAD bin/libcore.a
LOAD /usr/lib/gcc/avr/7.2.0/../../../../avr/lib/avr5/libm.a
START GROUP
LOAD /usr/lib/gcc/avr/7.2.0/avr5/libgcc.a
LOAD /usr/lib/gcc/avr/7.2.0/../../../../avr/lib/avr5/libm.a
LOAD /usr/lib/gcc/avr/7.2.0/../../../../avr/lib/avr5/libc.a
LOAD /usr/lib/gcc/avr/7.2.0/../../../../avr/lib/avr5/libatmega328p.a
END GROUP
                0x0000000000020000                __TEXT_REGION_LENGTH__ = DEFINED (__TEXT_REGION_LENGTH__)?__TEXT_REGION_LENGTH__:0x20000
                0x000000000000ffa0                __DATA_REGION_LENGTH__ = DEFINED (__DATA_REGION_LENGTH__)?__DATA_REGION_LENGTH__:0xffa0
                0x0000000000010000                __EEPROM_REGION_LENGTH__ = DEFINED (__EEPROM_REGION_LENGTH__)?__EEPROM_REGION_LENGTH__:0x10000
                0x0000000000000400                __FUSE_REGION_LENGTH__ = DEFINED (__FUSE_REGION_LENGTH__)?__FUSE_REGION_LENGTH__:0x400
                0x0000000000000400                __LOCK_REGION_LENGTH__ = DEFINED (__LOCK_REGION_LENGTH__)?__LOCK_REGION_LENGTH__:0x400
                0x0000000000000400                __SIGNATURE_REGION_LENGTH__ = DEFINED (__SIGNATURE_REGION_LENGTH__)?__SIGNATURE_REGION_LENGTH__:0x400
                0x0000000000000400                __USER_SIGNATURE_REGION_LENGTH__ = DEFINED (__USER_SIGNATURE_REGION_LENGTH__)?__USER_SIGNATURE_REGION_LENGTH__:0x400

.hash
 *(.hash)

.dynsym
 *(.dynsym)

.dynstr
 *(.dynstr)

.gnu.version
 *(.gnu.version)

.gnu.version_d
 *(.gnu.version_d)

.gnu.version_r
 *(.gnu.version_r)

.rel.init
 *(.rel.init)

.rela.init
 *(.rela.init)

.rel.text
 *(.rel.text)
 *(.rel.text.*)
 *(.rel.gnu.linkonce.t*)

.rela.text
 *(.rela.text)
 *(.rela.text.*)
 *(.rela.gnu.linkonce.t*)

.rel.fini
 *(.rel.fini)

.rela.fini
 *(.rela.fini)

.rel.rodata
 *(.rel.rodata)
 *(.rel.rodata.*)
 *(.rel.gnu.linkonce.r*)

.rela.rodata
 *(.rela.rodata)
 *(.rela.rodata.*)
 *(.rela.gnu.linkonce.r*)

.rel.data
 *(.rel.data)
 *(.rel.data.*)
 *(.rel.gnu.linkonce.d*)

.rela.data
 *(.rela.data)
 *(.rela.data.*)
 *(.rela.gnu.linkonce.d*)

.rel.ctors
 *(.rel.ctors)

.rela.ctors
 *(.rela.ctors)

.rel.dtors
 *(.rel.dtors)

.rela.dtors
 *(.rela.dtors)

.rel.got
 *(.rel.got)

.rela.got
 *(.rela.got)

.rel.bss
 *(.rel.bss)

.rela.bss
 *(.rela.bss)

.rel.plt
 *(.rel.plt)

.rela.plt
 *(.rela.plt)

.text           0x0000000000000000     0x386e
 *(.vectors)
 .vectors       0x0000000000000000       0x68 /usr/lib/gcc/avr/7.2.0/../../../../avr/lib/avr5/crtatmega328p.o
                0x0000000000000000                __vectors
                0x0000000000000000                __vector_default
 *(.vectors)
 *(.progmem.gcc*)
                0x0000000000000068                . = ALIGN (0x2)
                0x0000000000000068                __trampolines_start = .
 *(.trampolines)
 .trampolines   0x0000000000000068        0x0 linker stubs
 *(.trampolines*)
                0x0000000000000068                __trampolines_end = .
 *libprintf_flt.a:*(.progmem.data)
 *libc.a:*(.progmem.data)
 *(.progmem.*)
 .progmem.data._ZL12AT_CIPSTATUS
                0x0000000000000068        0xd bin/gsm_ard.cpp.o
 .progmem.data._ZL14AT_CIPCLOSE_OK
                0x0000000000000075        0x9 bin/gsm_ard.cpp.o
 .progmem.data._ZL11AT_CIPCLOSE
                0x000000000000007e        0xc bin/gsm_ard.cpp.o
 .progmem.data._ZL8AT_ERROR
                0x000000000000008a        0x6 bin/gsm_ard.cpp.o
 .progmem.data._ZL5AT_OK
                0x0000000000000090        0x3 bin/gsm_ard.cpp.o
 .progmem.data._ZL13AT_CIPSEND_OK
                0x0000000000000093        0x8 bin/gsm_ard.cpp.o
 .progmem.data._ZL10AT_CIPSEND
                0x000000000000009b        0xb bin/gsm_ard.cpp.o
 .progmem.data._ZL13AT_CONNECT_OK
                0x00000000000000a6        0xb bin/gsm_ard.cpp.o
 .progmem.data._ZL15AT_CIPSTART_SET
                0x00000000000000b1       0x25 bin/gsm_ard.cpp.o
 .progmem.data._ZL13AT_CIPMUX_SET
                0x00000000000000d6        0xc bin/gsm_ard.cpp.o
 .progmem.data._ZL11AT_CIPMUX_1
                0x00000000000000e2        0xb bin/gsm_ard.cpp.o
 .progmem.data._ZL11AT_CIPMUX_0
                0x00000000000000ed        0xb bin/gsm_ard.cpp.o
 .progmem.data._ZL11AT_CIPMUX_R
                0x00000000000000f8        0xb bin/gsm_ard.cpp.o
 .progmem.data._ZL8AT_CIICR
                0x0000000000000103        0x9 bin/gsm_ard.cpp.o
 .progmem.data._ZL7AT_CSTT
                0x000000000000010c       0x25 bin/gsm_ard.cpp.o
 .progmem.data._ZL10AT_SHUT_OK
                0x0000000000000131        0x8 bin/gsm_ard.cpp.o
 .progmem.data._ZL10AT_CIPSHUT
                0x0000000000000139        0xb bin/gsm_ard.cpp.o
 .progmem.data._ZL16AT_CIPSERVER_SET
                0x0000000000000144        0xf bin/gsm_ard.cpp.o
 .progmem.data._ZL17AT_CIPSERVER_RESP
                0x0000000000000153        0xe bin/gsm_ard.cpp.o
 .progmem.data._ZL14AT_CIPSERVER_R
                0x0000000000000161        0xe bin/gsm_ard.cpp.o
 .progmem.data._ZL10AT_CGDCONT
                0x000000000000016f       0x29 bin/gsm_ard.cpp.o
 .progmem.data._ZL10AT_CIPMODE
                0x0000000000000198        0xd bin/gsm_ard.cpp.o
 .progmem.data._ZL12AT_CIPMODE_1
                0x00000000000001a5        0xc bin/gsm_ard.cpp.o
 .progmem.data._ZL12AT_CIPMODE_0
                0x00000000000001b1        0xc bin/gsm_ard.cpp.o
 .progmem.data._ZL12AT_CIPMODE_R
                0x00000000000001bd        0xc bin/gsm_ard.cpp.o
 .progmem.data._ZL8AT_CIFSR
                0x00000000000001c9        0x9 bin/gsm_ard.cpp.o
 .progmem.data._ZL16AT_CGATT_SET_OFF
                0x00000000000001d2        0xb bin/gsm_ard.cpp.o
 .progmem.data._ZL15AT_CGATT_SET_ON
                0x00000000000001dd        0xb bin/gsm_ard.cpp.o
 .progmem.data._ZL10AT_CGATT_1
                0x00000000000001e8        0xa bin/gsm_ard.cpp.o
 .progmem.data._ZL10AT_CGATT_0
                0x00000000000001f2        0xa bin/gsm_ard.cpp.o
 .progmem.data._ZL10AT_CGATT_R
                0x00000000000001fc        0xa bin/gsm_ard.cpp.o
 .progmem.data._ZL12AT_CIURC_SET
                0x0000000000000206        0xb bin/gsm_ard.cpp.o
 .progmem.data._ZL10AT_CIURC_1
                0x0000000000000211        0xa bin/gsm_ard.cpp.o
 .progmem.data._ZL10AT_CIURC_0
                0x000000000000021b        0xa bin/gsm_ard.cpp.o
 .progmem.data._ZL10AT_CIURC_R
                0x0000000000000225        0xa bin/gsm_ard.cpp.o
 .progmem.data._ZL11AT_CPIN_SET
                0x000000000000022f        0xd bin/gsm_ard.cpp.o
 .progmem.data._ZL15AT_CPIN_SIM_PIN
                0x000000000000023c        0xf bin/gsm_ard.cpp.o
 .progmem.data._ZL13AT_CPIN_READY
                0x000000000000024b        0xd bin/gsm_ard.cpp.o
 .progmem.data._ZL9AT_CPIN_R
                0x0000000000000258        0x9 bin/gsm_ard.cpp.o
 .progmem.data._ZL2AT
                0x0000000000000261        0x3 bin/gsm_ard.cpp.o
 .progmem.data.digital_pin_to_timer_PGM
                0x0000000000000264       0x14 bin/libcore.a(wiring_digital.c.o)
                0x0000000000000264                digital_pin_to_timer_PGM
 .progmem.data.digital_pin_to_bit_mask_PGM
                0x0000000000000278       0x14 bin/libcore.a(wiring_digital.c.o)
                0x0000000000000278                digital_pin_to_bit_mask_PGM
 .progmem.data.digital_pin_to_port_PGM
                0x000000000000028c       0x14 bin/libcore.a(wiring_digital.c.o)
                0x000000000000028c                digital_pin_to_port_PGM
 .progmem.data.port_to_input_PGM
                0x00000000000002a0        0xa bin/libcore.a(wiring_digital.c.o)
                0x00000000000002a0                port_to_input_PGM
 .progmem.data.port_to_output_PGM
                0x00000000000002aa        0xa bin/libcore.a(wiring_digital.c.o)
                0x00000000000002aa                port_to_output_PGM
 .progmem.data.port_to_mode_PGM
                0x00000000000002b4        0xa bin/libcore.a(wiring_digital.c.o)
                0x00000000000002b4                port_to_mode_PGM
                0x00000000000002be                . = ALIGN (0x2)
 *(.lowtext)
 *(.lowtext*)
                0x00000000000002be                __ctors_start = .
 *(.ctors)
 .ctors         0x00000000000002be        0x2 bin/bbda.cpp.o
 .ctors         0x00000000000002c0        0x2 bin/scheduler.cpp.o
 .ctors         0x00000000000002c2        0x2 bin/libcore.a(HardwareSerial0.cpp.o)
                0x00000000000002c4                __ctors_end = .
                0x00000000000002c4                __dtors_start = .
 *(.dtors)
 .dtors         0x00000000000002c4        0x2 bin/bbda.cpp.o
 .dtors         0x00000000000002c6        0x2 bin/scheduler.cpp.o
                0x00000000000002c8                __dtors_end = .
 SORT(*)(.ctors)
 SORT(*)(.dtors)
 *(.init0)
 .init0         0x00000000000002c8        0x0 /usr/lib/gcc/avr/7.2.0/../../../../avr/lib/avr5/crtatmega328p.o
                0x00000000000002c8                __init
 *(.init0)
 *(.init1)
 *(.init1)
 *(.init2)
 .init2         0x00000000000002c8        0xc /usr/lib/gcc/avr/7.2.0/../../../../avr/lib/avr5/crtatmega328p.o
 *(.init2)
 *(.init3)
 *(.init3)
 *(.init4)
 .init4         0x00000000000002d4       0x16 /usr/lib/gcc/avr/7.2.0/avr5/libgcc.a(_copy_data.o)
                0x00000000000002d4                __do_copy_data
 .init4         0x00000000000002ea       0x10 /usr/lib/gcc/avr/7.2.0/avr5/libgcc.a(_clear_bss.o)
                0x00000000000002ea                __do_clear_bss
 *(.init4)
 *(.init5)
 *(.init5)
 *(.init6)
 .init6         0x00000000000002fa       0x16 /usr/lib/gcc/avr/7.2.0/avr5/libgcc.a(_ctors.o)
                0x00000000000002fa                __do_global_ctors
 *(.init6)
 *(.init7)
 *(.init7)
 *(.init8)
 *(.init8)
 *(.init9)
 .init9         0x0000000000000310        0x8 /usr/lib/gcc/avr/7.2.0/../../../../avr/lib/avr5/crtatmega328p.o
 *(.init9)
 *(.text)
 .text          0x0000000000000318        0x2 /usr/lib/gcc/avr/7.2.0/../../../../avr/lib/avr5/crtatmega328p.o
                0x0000000000000318                __vector_22
                0x0000000000000318                __vector_1
                0x0000000000000318                __vector_24
                0x0000000000000318                __vector_12
                0x0000000000000318                __bad_interrupt
                0x0000000000000318                __vector_6
                0x0000000000000318                __vector_23
                0x0000000000000318                __vector_25
                0x0000000000000318                __vector_11
                0x0000000000000318                __vector_13
                0x0000000000000318                __vector_17
                0x0000000000000318                __vector_7
                0x0000000000000318                __vector_9
                0x0000000000000318                __vector_2
                0x0000000000000318                __vector_21
                0x0000000000000318                __vector_15
                0x0000000000000318                __vector_8
                0x0000000000000318                __vector_14
                0x0000000000000318                __vector_10
                0x0000000000000318                __vector_20
                0x000000000000031a                . = ALIGN (0x2)
 *(.text.*)
 .text.loop     0x000000000000031a        0x2 bin/bbda.cpp.o
                0x000000000000031a                loop
 .text._Z17get_last_schedulev
                0x000000000000031c      0x1d4 bin/bbda.cpp.o
                0x000000000000031c                get_last_schedule()
 .text.setup    0x00000000000004f0      0x344 bin/bbda.cpp.o
                0x00000000000004f0                setup
 .text.startup._GLOBAL__sub_I_gsm
                0x0000000000000834        0x6 bin/bbda.cpp.o
 .text.exit._GLOBAL__sub_D_gsm
                0x000000000000083a        0x8 bin/bbda.cpp.o
 .text._Z14init_scheduler16ArduinoSchedules
                0x0000000000000842       0x5c bin/scheduler.cpp.o
                0x0000000000000842                init_scheduler(ArduinoSchedules)
 .text.startup._GLOBAL__sub_I__Z14init_scheduler16ArduinoSchedules
                0x000000000000089e        0xc bin/scheduler.cpp.o
 .text.exit._GLOBAL__sub_D__Z14init_scheduler16ArduinoSchedules
                0x00000000000008aa        0x8 bin/scheduler.cpp.o
 .text._Z7setTimem
                0x00000000000008b2       0x66 bin/Time.cpp.o
                0x00000000000008b2                setTime(unsigned long)
 .text._Z3nowv  0x0000000000000918      0x122 bin/Time.cpp.o
                0x0000000000000918                now()
 .text._ZN7Gsm_Ard17_change_gsm_stateE9GSM_STATE
                0x0000000000000a3a       0x52 bin/gsm_ard.cpp.o
                0x0000000000000a3a                Gsm_Ard::_change_gsm_state(GSM_STATE)
 .text._ZN7Gsm_Ard16_clear_recv_buffEv
                0x0000000000000a8c       0x20 bin/gsm_ard.cpp.o
                0x0000000000000a8c                Gsm_Ard::_clear_recv_buff()
 .text._ZN7Gsm_Ard15_clear_rsp_buffEv
                0x0000000000000aac       0x24 bin/gsm_ard.cpp.o
                0x0000000000000aac                Gsm_Ard::_clear_rsp_buff()
 .text._ZN7Gsm_Ard16_clear_sock_buffEv
                0x0000000000000ad0       0x24 bin/gsm_ard.cpp.o
                0x0000000000000ad0                Gsm_Ard::_clear_sock_buff()
 .text._ZN7Gsm_ArdC2Ev
                0x0000000000000af4       0x3a bin/gsm_ard.cpp.o
                0x0000000000000af4                Gsm_Ard::Gsm_Ard()
                0x0000000000000af4                Gsm_Ard::Gsm_Ard()
 .text._ZN7Gsm_Ard20_fetch_rsp_from_recvEPKcjPj
                0x0000000000000b2e      0x152 bin/gsm_ard.cpp.o
                0x0000000000000b2e                Gsm_Ard::_fetch_rsp_from_recv(char const*, unsigned int, unsigned int*)
 .text._ZN7Gsm_Ard17_fetch_rsp_wo_cmdEPj
                0x0000000000000c80       0xca bin/gsm_ard.cpp.o
                0x0000000000000c80                Gsm_Ard::_fetch_rsp_wo_cmd(unsigned int*)
 .text._ZN7Gsm_Ard8_get_rspEPPc
                0x0000000000000d4a       0x40 bin/gsm_ard.cpp.o
                0x0000000000000d4a                Gsm_Ard::_get_rsp(char**)
 .text._ZN7Gsm_Ard13get_gsm_stateEv
                0x0000000000000d8a        0xc bin/gsm_ard.cpp.o
                0x0000000000000d8a                Gsm_Ard::get_gsm_state()
 .text._ZN7Gsm_Ard14get_socket_rspEPPc
                0x0000000000000d96       0x82 bin/gsm_ard.cpp.o
                0x0000000000000d96                Gsm_Ard::get_socket_rsp(char**)
 .text._ZN7Gsm_Ard12_recv_stringEii
                0x0000000000000e18      0x174 bin/gsm_ard.cpp.o
                0x0000000000000e18                Gsm_Ard::_recv_string(int, int)
 .text._ZN7Gsm_Ard16_no_cmd_comp_rspEPKcji
                0x0000000000000f8c       0xe4 bin/gsm_ard.cpp.o
                0x0000000000000f8c                Gsm_Ard::_no_cmd_comp_rsp(char const*, unsigned int, int)
 .text._ZN7Gsm_Ard12_recv_socketEi
                0x0000000000001070      0x1f0 bin/gsm_ard.cpp.o
                0x0000000000001070                Gsm_Ard::_recv_socket(int)
 .text._ZN7Gsm_Ard14_recv_tcp_dataEPj
                0x0000000000001260       0xb4 bin/gsm_ard.cpp.o
                0x0000000000001260                Gsm_Ard::_recv_tcp_data(unsigned int*)
 .text._ZN7Gsm_Ard10_write_cmdEPKc
                0x0000000000001314       0x50 bin/gsm_ard.cpp.o
                0x0000000000001314                Gsm_Ard::_write_cmd(char const*)
 .text._ZN7Gsm_Ard18_send_cmd_comp_rspEPKcjS1_ji
                0x0000000000001364      0x16c bin/gsm_ard.cpp.o
                0x0000000000001364                Gsm_Ard::_send_cmd_comp_rsp(char const*, unsigned int, char const*, unsigned int, int)
 .text._ZN7Gsm_Ard22_disconnect_tcp_socketEv
                0x00000000000014d0       0xb8 bin/gsm_ard.cpp.o
                0x00000000000014d0                Gsm_Ard::_disconnect_tcp_socket()
 .text._ZN7Gsm_Ard26_send_cmd_comp_several_rspEPKcjS1_jS1_ji
                0x0000000000001588      0x1aa bin/gsm_ard.cpp.o
                0x0000000000001588                Gsm_Ard::_send_cmd_comp_several_rsp(char const*, unsigned int, char const*, unsigned int, char const*, unsigned int, int)
 .text._ZN7Gsm_Ard15init_gsm_moduleEv
                0x0000000000001732      0x2ac bin/gsm_ard.cpp.o
                0x0000000000001732                Gsm_Ard::init_gsm_module()
 .text._ZN7Gsm_Ard10attachGPRSEv
                0x00000000000019de      0x262 bin/gsm_ard.cpp.o
                0x00000000000019de                Gsm_Ard::attachGPRS()
 .text._ZN7Gsm_Ard11dettachGPRSEv
                0x0000000000001c40       0xfa bin/gsm_ard.cpp.o
                0x0000000000001c40                Gsm_Ard::dettachGPRS()
 .text._ZN7Gsm_Ard19_connect_tcp_socketEv
                0x0000000000001d3a      0x14e bin/gsm_ard.cpp.o
                0x0000000000001d3a                Gsm_Ard::_connect_tcp_socket()
 .text._ZN7Gsm_Ard14_send_tcp_dataEPcj
                0x0000000000001e88       0xf8 bin/gsm_ard.cpp.o
                0x0000000000001e88                Gsm_Ard::_send_tcp_data(char*, unsigned int)
 .text._ZN7Gsm_Ard15send_socket_msgEPcjPj
                0x0000000000001f80       0x98 bin/gsm_ard.cpp.o
                0x0000000000001f80                Gsm_Ard::send_socket_msg(char*, unsigned int, unsigned int*)
 .text.freeMemory
                0x0000000000002018       0x38 bin/MemoryFree.cpp.o
                0x0000000000002018                freeMemory
 .text._Z17get_last_sche_msgPPc
                0x0000000000002050       0x30 bin/socket_bbd.cpp.o
                0x0000000000002050                get_last_sche_msg(char**)
 .text._ZN13ValveScheduleC2ERKS_
                0x0000000000002080       0x4c bin/schedule.cpp.o
                0x0000000000002080                ValveSchedule::ValveSchedule(ValveSchedule const&)
                0x0000000000002080                ValveSchedule::ValveSchedule(ValveSchedule const&)
 .text._ZN13ValveScheduleD2Ev
                0x00000000000020cc        0xe bin/schedule.cpp.o
                0x00000000000020cc                ValveSchedule::~ValveSchedule()
                0x00000000000020cc                ValveSchedule::~ValveSchedule()
 .text._ZN13ValveSchedule9add_cicleE14schedule_entry
                0x00000000000020da       0x72 bin/schedule.cpp.o
                0x00000000000020da                ValveSchedule::add_cicle(schedule_entry)
 .text._ZN16ArduinoSchedulesC2Ej
                0x000000000000214c        0xa bin/schedule.cpp.o
                0x000000000000214c                ArduinoSchedules::ArduinoSchedules(unsigned int)
                0x000000000000214c                ArduinoSchedules::ArduinoSchedules(unsigned int)
 .text._ZN16ArduinoSchedulesD2Ev
                0x0000000000002156       0x58 bin/schedule.cpp.o
                0x0000000000002156                ArduinoSchedules::~ArduinoSchedules()
                0x0000000000002156                ArduinoSchedules::~ArduinoSchedules()
 .text._ZN16ArduinoSchedules12add_scheduleE13ValveSchedule
                0x00000000000021ae       0xf2 bin/schedule.cpp.o
                0x00000000000021ae                ArduinoSchedules::add_schedule(ValveSchedule)
 .text._ZN16ArduinoSchedules15update_scheduleE13ValveSchedule
                0x00000000000022a0       0xbc bin/schedule.cpp.o
                0x00000000000022a0                ArduinoSchedules::update_schedule(ValveSchedule)
 .text._ZN16ArduinoSchedules14decode_messageEPcj
                0x000000000000235c      0x13c bin/schedule.cpp.o
                0x000000000000235c                ArduinoSchedules::decode_message(char*, unsigned int)
 .text._ZN16ArduinoSchedules21process_new_schedulesES_
                0x0000000000002498      0x108 bin/schedule.cpp.o
                0x0000000000002498                ArduinoSchedules::process_new_schedules(ArduinoSchedules)
 .text._Z23dbg_print_serial_bufferPKciS0_S0_j
                0x00000000000025a0       0xbc bin/dbg.cpp.o
                0x00000000000025a0                dbg_print_serial_buffer(char const*, int, char const*, char const*, unsigned int)
 .text._Z21dbg_print_sock_bufferPKciS0_S0_j
                0x000000000000265c       0x9a bin/dbg.cpp.o
                0x000000000000265c                dbg_print_sock_buffer(char const*, int, char const*, char const*, unsigned int)
 .text._ZN5Print17availableForWriteEv
                0x00000000000026f6        0x6 bin/SoftwareSerial.cpp.o
                0x00000000000026f6                Print::availableForWrite()
 .text._ZN14SoftwareSerial4readEv
                0x00000000000026fc       0x42 bin/SoftwareSerial.cpp.o
                0x00000000000026fc                SoftwareSerial::read()
 .text._ZN14SoftwareSerial5writeEh
                0x000000000000273e       0xb8 bin/SoftwareSerial.cpp.o
                0x000000000000273e                SoftwareSerial::write(unsigned char)
 .text._ZN14SoftwareSerial5flushEv
                0x00000000000027f6        0x2 bin/SoftwareSerial.cpp.o
                0x00000000000027f6                SoftwareSerial::flush()
 .text._ZN14SoftwareSerial4peekEv
                0x00000000000027f8       0x30 bin/SoftwareSerial.cpp.o
                0x00000000000027f8                SoftwareSerial::peek()
 .text._ZN14SoftwareSerial9availableEv
                0x0000000000002828       0x2c bin/SoftwareSerial.cpp.o
                0x0000000000002828                SoftwareSerial::available()
 .text._ZN14SoftwareSerial13stopListeningEv
                0x0000000000002854       0x2c bin/SoftwareSerial.cpp.o
                0x0000000000002854                SoftwareSerial::stopListening()
 .text._ZN14SoftwareSerial6listenEv
                0x0000000000002880       0x50 bin/SoftwareSerial.cpp.o
                0x0000000000002880                SoftwareSerial::listen()
 .text.__vector_3
                0x00000000000028d0       0xf0 bin/SoftwareSerial.cpp.o
                0x00000000000028d0                __vector_3
                0x00000000000028d0                __vector_5
                0x00000000000028d0                __vector_4
 .text._ZN14SoftwareSerialD2Ev
                0x00000000000029c0        0xc bin/SoftwareSerial.cpp.o
                0x00000000000029c0                SoftwareSerial::~SoftwareSerial()
                0x00000000000029c0                SoftwareSerial::~SoftwareSerial()
 .text._ZN14SoftwareSerial5setTXEh
                0x00000000000029cc       0x4e bin/SoftwareSerial.cpp.o
                0x00000000000029cc                SoftwareSerial::setTX(unsigned char)
 .text._ZN14SoftwareSerial5setRXEh
                0x0000000000002a1a       0x4e bin/SoftwareSerial.cpp.o
                0x0000000000002a1a                SoftwareSerial::setRX(unsigned char)
 .text._ZN14SoftwareSerialC2Ehhb
                0x0000000000002a68       0x52 bin/SoftwareSerial.cpp.o
                0x0000000000002a68                SoftwareSerial::SoftwareSerial(unsigned char, unsigned char, bool)
                0x0000000000002a68                SoftwareSerial::SoftwareSerial(unsigned char, unsigned char, bool)
 .text._ZN14SoftwareSerial5beginEl
                0x0000000000002aba      0x10e bin/SoftwareSerial.cpp.o
                0x0000000000002aba                SoftwareSerial::begin(long)
 .text.__vector_16
                0x0000000000002bc8       0x94 bin/libcore.a(wiring.c.o)
                0x0000000000002bc8                __vector_16
 .text.millis   0x0000000000002c5c       0x18 bin/libcore.a(wiring.c.o)
                0x0000000000002c5c                millis
 .text.micros   0x0000000000002c74       0x4a bin/libcore.a(wiring.c.o)
                0x0000000000002c74                micros
 .text.delay    0x0000000000002cbe       0x6c bin/libcore.a(wiring.c.o)
                0x0000000000002cbe                delay
 .text.init     0x0000000000002d2a       0x76 bin/libcore.a(wiring.c.o)
                0x0000000000002d2a                init
 .text.turnOffPWM
                0x0000000000002da0       0x52 bin/libcore.a(wiring_digital.c.o)
 .text.pinMode  0x0000000000002df2       0x78 bin/libcore.a(wiring_digital.c.o)
                0x0000000000002df2                pinMode
 .text.digitalWrite
                0x0000000000002e6a       0x5a bin/libcore.a(wiring_digital.c.o)
                0x0000000000002e6a                digitalWrite
 .text.__empty  0x0000000000002ec4        0x2 bin/libcore.a(hooks.c.o)
                0x0000000000002ec4                yield
 .text._Znaj    0x0000000000002ec6        0x2 bin/libcore.a(new.cpp.o)
                0x0000000000002ec6                operator new[](unsigned int)
 .text._ZdaPv   0x0000000000002ec8        0x2 bin/libcore.a(new.cpp.o)
                0x0000000000002ec8                operator delete[](void*)
 .text.__vector_18
                0x0000000000002eca       0x64 bin/libcore.a(HardwareSerial0.cpp.o)
                0x0000000000002eca                __vector_18
 .text.__vector_19
                0x0000000000002f2e       0x4a bin/libcore.a(HardwareSerial0.cpp.o)
                0x0000000000002f2e                __vector_19
 .text._Z17Serial0_availablev
                0x0000000000002f78       0x12 bin/libcore.a(HardwareSerial0.cpp.o)
                0x0000000000002f78                Serial0_available()
 .text.startup._GLOBAL__sub_I___vector_18
                0x0000000000002f8a       0x5a bin/libcore.a(HardwareSerial0.cpp.o)
 .text._ZN5Print5writeEPKhj
                0x0000000000002fe4       0x5a bin/libcore.a(Print.cpp.o)
                0x0000000000002fe4                Print::write(unsigned char const*, unsigned int)
 .text._ZN5Print5writeEPKc.part.2
                0x000000000000303e       0x1e bin/libcore.a(Print.cpp.o)
 .text._ZN5Print5printEPKc
                0x000000000000305c        0xe bin/libcore.a(Print.cpp.o)
                0x000000000000305c                Print::print(char const*)
 .text._ZN5Print5printEc
                0x000000000000306a        0xe bin/libcore.a(Print.cpp.o)
                0x000000000000306a                Print::print(char)
 .text._ZN5Print7printlnEv
                0x0000000000003078        0x6 bin/libcore.a(Print.cpp.o)
                0x0000000000003078                Print::println()
 .text._ZN5Print7printlnEPKc
                0x000000000000307e       0x2a bin/libcore.a(Print.cpp.o)
                0x000000000000307e                Print::println(char const*)
 .text._ZN5Print11printNumberEmh
                0x00000000000030a8       0x94 bin/libcore.a(Print.cpp.o)
                0x00000000000030a8                Print::printNumber(unsigned long, unsigned char)
 .text._ZN5Print5printEli
                0x000000000000313c       0x8e bin/libcore.a(Print.cpp.o)
                0x000000000000313c                Print::print(long, int)
 .text._ZN5Print5printEii
                0x00000000000031ca        0xc bin/libcore.a(Print.cpp.o)
                0x00000000000031ca                Print::print(int, int)
 .text._ZN5Print7printlnEii
                0x00000000000031d6       0x20 bin/libcore.a(Print.cpp.o)
                0x00000000000031d6                Print::println(int, int)
 .text._ZN5Print5printEmi
                0x00000000000031f6       0x18 bin/libcore.a(Print.cpp.o)
                0x00000000000031f6                Print::print(unsigned long, int)
 .text._ZN5Print5printEhi
                0x000000000000320e        0xc bin/libcore.a(Print.cpp.o)
                0x000000000000320e                Print::print(unsigned char, int)
 .text._ZN5Print5printEji
                0x000000000000321a        0xa bin/libcore.a(Print.cpp.o)
                0x000000000000321a                Print::print(unsigned int, int)
 .text._ZN5Print7printlnEji
                0x0000000000003224       0x20 bin/libcore.a(Print.cpp.o)
                0x0000000000003224                Print::println(unsigned int, int)
 .text.initVariant
                0x0000000000003244        0x2 bin/libcore.a(main.cpp.o)
                0x0000000000003244                initVariant
 .text.startup.main
                0x0000000000003246       0x18 bin/libcore.a(main.cpp.o)
                0x0000000000003246                main
 .text._ZN14HardwareSerial9availableEv
                0x000000000000325e       0x18 bin/libcore.a(HardwareSerial.cpp.o)
                0x000000000000325e                HardwareSerial::available()
 .text._ZN14HardwareSerial4peekEv
                0x0000000000003276       0x1c bin/libcore.a(HardwareSerial.cpp.o)
                0x0000000000003276                HardwareSerial::peek()
 .text._ZN14HardwareSerial4readEv
                0x0000000000003292       0x28 bin/libcore.a(HardwareSerial.cpp.o)
                0x0000000000003292                HardwareSerial::read()
 .text._ZN14HardwareSerial17availableForWriteEv
                0x00000000000032ba       0x1e bin/libcore.a(HardwareSerial.cpp.o)
                0x00000000000032ba                HardwareSerial::availableForWrite()
 .text._Z14serialEventRunv
                0x00000000000032d8       0x1a bin/libcore.a(HardwareSerial.cpp.o)
                0x00000000000032d8                serialEventRun()
 .text._ZN14HardwareSerial17_tx_udr_empty_irqEv
                0x00000000000032f2       0x42 bin/libcore.a(HardwareSerial.cpp.o)
                0x00000000000032f2                HardwareSerial::_tx_udr_empty_irq()
 .text._ZN14HardwareSerial5flushEv
                0x0000000000003334       0x3e bin/libcore.a(HardwareSerial.cpp.o)
                0x0000000000003334                HardwareSerial::flush()
 .text._ZN14HardwareSerial5writeEh
                0x0000000000003372       0x8c bin/libcore.a(HardwareSerial.cpp.o)
                0x0000000000003372                HardwareSerial::write(unsigned char)
 .text._ZN14HardwareSerial5beginEmh
                0x00000000000033fe       0xc0 bin/libcore.a(HardwareSerial.cpp.o)
                0x00000000000033fe                HardwareSerial::begin(unsigned long, unsigned char)
 .text.libgcc.div
                0x00000000000034be       0x26 /usr/lib/gcc/avr/7.2.0/avr5/libgcc.a(_divmodhi4.o)
                0x00000000000034be                __divmodhi4
                0x00000000000034be                _div
 .text.libgcc.div
                0x00000000000034e4       0x44 /usr/lib/gcc/avr/7.2.0/avr5/libgcc.a(_udivmodsi4.o)
                0x00000000000034e4                __udivmodsi4
 .text.libgcc.div
                0x0000000000003528       0x28 /usr/lib/gcc/avr/7.2.0/avr5/libgcc.a(_divmodsi4.o)
                0x0000000000003528                __divmodsi4
 .text.libgcc.div
                0x0000000000003550       0x10 /usr/lib/gcc/avr/7.2.0/avr5/libgcc.a(_negsi2.o)
                0x0000000000003550                __negsi2
 .text.libgcc.div
                0x0000000000003560       0x28 /usr/lib/gcc/avr/7.2.0/avr5/libgcc.a(_udivmodhi4.o)
                0x0000000000003560                __udivmodhi4
 .text.libgcc   0x0000000000003588        0xc /usr/lib/gcc/avr/7.2.0/avr5/libgcc.a(_tablejump2.o)
                0x0000000000003588                __tablejump2__
 .text.avr-libc
                0x0000000000003594      0x242 /usr/lib/gcc/avr/7.2.0/../../../../avr/lib/avr5/libc.a(malloc.o)
                0x0000000000003594                malloc
                0x00000000000036c4                free
 .text.avr-libc
                0x00000000000037d6       0x12 /usr/lib/gcc/avr/7.2.0/../../../../avr/lib/avr5/libc.a(isalpha.o)
                0x00000000000037d6                isupper
                0x00000000000037da                isalpha
                0x00000000000037dc                islower
 .text.avr-libc
                0x00000000000037e8        0xe /usr/lib/gcc/avr/7.2.0/../../../../avr/lib/avr5/libc.a(strcpy_P.o)
                0x00000000000037e8                strcpy_P
 .text.avr-libc
                0x00000000000037f6       0x12 /usr/lib/gcc/avr/7.2.0/../../../../avr/lib/avr5/libc.a(memcpy.o)
                0x00000000000037f6                memcpy
 .text.avr-libc
                0x0000000000003808        0xe /usr/lib/gcc/avr/7.2.0/../../../../avr/lib/avr5/libc.a(memset.o)
                0x0000000000003808                memset
 .text.avr-libc
                0x0000000000003816       0x1c /usr/lib/gcc/avr/7.2.0/../../../../avr/lib/avr5/libc.a(strncmp.o)
                0x0000000000003816                strncmp
 .text.avr-libc
                0x0000000000003832       0x1e /usr/lib/gcc/avr/7.2.0/../../../../avr/lib/avr5/libc.a(strncpy.o)
                0x0000000000003832                strncpy
 .text.avr-libc
                0x0000000000003850        0x6 /usr/lib/gcc/avr/7.2.0/../../../../avr/lib/avr5/libc.a(cty_isfalse.o)
                0x0000000000003850                __ctype_isfalse
                0x0000000000003854                __ctype_istrue
                0x0000000000003856                . = ALIGN (0x2)
 *(.fini9)
 .fini9         0x0000000000003856        0x0 /usr/lib/gcc/avr/7.2.0/avr5/libgcc.a(_exit.o)
                0x0000000000003856                exit
                0x0000000000003856                _exit
 *(.fini9)
 *(.fini8)
 *(.fini8)
 *(.fini7)
 *(.fini7)
 *(.fini6)
 .fini6         0x0000000000003856       0x14 /usr/lib/gcc/avr/7.2.0/avr5/libgcc.a(_dtors.o)
                0x0000000000003856                __do_global_dtors
 *(.fini6)
 *(.fini5)
 *(.fini5)
 *(.fini4)
 *(.fini4)
 *(.fini3)
 *(.fini3)
 *(.fini2)
 *(.fini2)
 *(.fini1)
 *(.fini1)
 *(.fini0)
 .fini0         0x000000000000386a        0x4 /usr/lib/gcc/avr/7.2.0/avr5/libgcc.a(_exit.o)
 *(.fini0)
 *(.hightext)
 *(.hightext*)
 *(.progmemx.*)
                0x000000000000386e                . = ALIGN (0x2)
 *(.jumptables)
 *(.jumptables*)
                0x000000000000386e                _etext = .

.data           0x0000000000800100      0x21a load address 0x000000000000386e
                0x0000000000800100                PROVIDE (__data_start, .)
 *(.data)
 .data          0x0000000000800100        0x6 /usr/lib/gcc/avr/7.2.0/../../../../avr/lib/avr5/libc.a(malloc.o)
                0x0000000000800100                __malloc_heap_end
                0x0000000000800102                __malloc_heap_start
                0x0000000000800104                __malloc_margin
 *(.data*)
 .data._ZL12syncInterval
                0x0000000000800106        0x4 bin/Time.cpp.o
 *(.gnu.linkonce.d*)
 *(.rodata)
 *(.rodata*)
 .rodata._Z17get_last_schedulev.str1.1
                0x000000000080010a       0x28 bin/bbda.cpp.o
 .rodata.setup.str1.1
                0x0000000000800132       0x8b bin/bbda.cpp.o
 .rodata._ZN7Gsm_Ard17_change_gsm_stateE9GSM_STATE.str1.1
                0x00000000008001bd       0x8a bin/gsm_ard.cpp.o
 .rodata._ZN7Gsm_Ard20_fetch_rsp_from_recvEPKcjPj.str1.1
                0x0000000000800247        0xa bin/gsm_ard.cpp.o
 .rodata._ZN7Gsm_Ard14get_socket_rspEPPc.str1.1
                0x0000000000800251       0x45 bin/gsm_ard.cpp.o
 .rodata._ZN7Gsm_Ard12_recv_stringEii.str1.1
                0x0000000000800296        0xc bin/gsm_ard.cpp.o
 .rodata._ZN7Gsm_Ard12_recv_socketEi.str1.1
                0x00000000008002a2        0xa bin/gsm_ard.cpp.o
 .rodata._ZN7Gsm_Ard18_send_cmd_comp_rspEPKcjS1_ji.str1.1
                0x00000000008002ac        0xb bin/gsm_ard.cpp.o
 .rodata._ZN7Gsm_Ard26_send_cmd_comp_several_rspEPKcjS1_jS1_ji.str1.1
                0x00000000008002b7        0xb bin/gsm_ard.cpp.o
 .rodata._ZN7Gsm_Ard14_send_tcp_dataEPcj.str1.1
                0x00000000008002c2        0x5 bin/gsm_ard.cpp.o
 .rodata._ZL13_POSSIBLE_BRS
                0x00000000008002c7       0x20 bin/gsm_ard.cpp.o
 .rodata._Z23dbg_print_serial_bufferPKciS0_S0_j.str1.1
                0x00000000008002e7        0xb bin/dbg.cpp.o
 .rodata._ZTV14SoftwareSerial
                0x00000000008002f2       0x12 bin/SoftwareSerial.cpp.o
                0x00000000008002f2                vtable for SoftwareSerial
 .rodata._ZN5Print7printlnEv.str1.1
                0x0000000000800304        0x3 bin/libcore.a(Print.cpp.o)
 .rodata._ZTV14HardwareSerial
                0x0000000000800307       0x12 bin/libcore.a(HardwareSerial.cpp.o)
                0x0000000000800307                vtable for HardwareSerial
 *(.gnu.linkonce.r*)
                0x000000000080031a                . = ALIGN (0x2)
 *fill*         0x0000000000800319        0x1 
                0x000000000080031a                _edata = .
                0x000000000080031a                PROVIDE (__data_end, .)

.bss            0x000000000080031a      0x2b6
                0x000000000080031a                PROVIDE (__bss_start, .)
 *(.bss)
 *(.bss*)
 .bss.last_ci   0x000000000080031a        0x4 bin/bbda.cpp.o
                0x000000000080031a                last_ci
 .bss.started   0x000000000080031e        0x1 bin/bbda.cpp.o
                0x000000000080031e                started
 .bss.gsm       0x000000000080031f      0x1ad bin/bbda.cpp.o
                0x000000000080031f                gsm
 .bss._ZL8_started
                0x00000000008004cc        0x1 bin/scheduler.cpp.o
 .bss._ZL18_arduino_schedules
                0x00000000008004cd        0x5 bin/scheduler.cpp.o
 .bss.getTimePtr
                0x00000000008004d2        0x2 bin/Time.cpp.o
                0x00000000008004d2                getTimePtr
 .bss._ZL6Status
                0x00000000008004d4        0x2 bin/Time.cpp.o
 .bss._ZL12nextSyncTime
                0x00000000008004d6        0x4 bin/Time.cpp.o
 .bss._ZL10prevMillis
                0x00000000008004da        0x4 bin/Time.cpp.o
 .bss._ZL7sysTime
                0x00000000008004de        0x4 bin/Time.cpp.o
 .bss._ZN14SoftwareSerial20_receive_buffer_headE
                0x00000000008004e2        0x1 bin/SoftwareSerial.cpp.o
                0x00000000008004e2                SoftwareSerial::_receive_buffer_head
 .bss._ZN14SoftwareSerial20_receive_buffer_tailE
                0x00000000008004e3        0x1 bin/SoftwareSerial.cpp.o
                0x00000000008004e3                SoftwareSerial::_receive_buffer_tail
 .bss._ZN14SoftwareSerial15_receive_bufferE
                0x00000000008004e4       0x40 bin/SoftwareSerial.cpp.o
                0x00000000008004e4                SoftwareSerial::_receive_buffer
 .bss._ZN14SoftwareSerial13active_objectE
                0x0000000000800524        0x2 bin/SoftwareSerial.cpp.o
                0x0000000000800524                SoftwareSerial::active_object
 .bss.timer0_fract
                0x0000000000800526        0x1 bin/libcore.a(wiring.c.o)
 .bss.timer0_millis
                0x0000000000800527        0x4 bin/libcore.a(wiring.c.o)
                0x0000000000800527                timer0_millis
 .bss.timer0_overflow_count
                0x000000000080052b        0x4 bin/libcore.a(wiring.c.o)
                0x000000000080052b                timer0_overflow_count
 .bss.Serial    0x000000000080052f       0x9d bin/libcore.a(HardwareSerial0.cpp.o)
                0x000000000080052f                Serial
 *(COMMON)
 COMMON         0x00000000008005cc        0x4 /usr/lib/gcc/avr/7.2.0/../../../../avr/lib/avr5/libc.a(malloc.o)
                0x00000000008005cc                __brkval
                0x00000000008005ce                __flp
                0x00000000008005d0                PROVIDE (__bss_end, .)
                0x000000000000386e                __data_load_start = LOADADDR (.data)
                0x0000000000003a88                __data_load_end = (__data_load_start + SIZEOF (.data))

.noinit         0x00000000008005d0        0x0
                [!provide]                        PROVIDE (__noinit_start, .)
 *(.noinit*)
                [!provide]                        PROVIDE (__noinit_end, .)
                0x00000000008005d0                _end = .
                0x00000000008005d0                PROVIDE (__heap_start, .)

.eeprom         0x0000000000810000        0x0
 *(.eeprom*)
                0x0000000000810000                __eeprom_end = .

.fuse
 *(.fuse)
 *(.lfuse)
 *(.hfuse)
 *(.efuse)

.lock
 *(.lock*)

.signature
 *(.signature*)

.stab           0x0000000000000000     0xb97c
 *(.stab)
 .stab          0x0000000000000000      0xe04 bin/bbda.cpp.o
                                       0x129c (size before relaxing)
 .stab          0x0000000000000e04      0x5ac bin/scheduler.cpp.o
                                        0x63c (size before relaxing)
 .stab          0x00000000000013b0      0x8f4 bin/Time.cpp.o
                                       0x1440 (size before relaxing)
 .stab          0x0000000000001ca4     0x24d8 bin/gsm_ard.cpp.o
                                       0x24e4 (size before relaxing)
 .stab          0x000000000000417c      0x39c bin/MemoryFree.cpp.o
                                        0x3a8 (size before relaxing)
 .stab          0x0000000000004518      0x8b8 bin/socket_bbd.cpp.o
                                        0xa38 (size before relaxing)
 .stab          0x0000000000004dd0      0xdec bin/schedule.cpp.o
                                       0x11a0 (size before relaxing)
 .stab          0x0000000000005bbc      0x930 bin/dbg.cpp.o
                                        0x93c (size before relaxing)
 .stab          0x00000000000064ec     0x12e4 bin/SoftwareSerial.cpp.o
                                       0x13f8 (size before relaxing)
 .stab          0x00000000000077d0      0xa20 bin/libcore.a(wiring.c.o)
                                        0xa8c (size before relaxing)
 .stab          0x00000000000081f0      0x7e0 bin/libcore.a(wiring_digital.c.o)
                                        0xbf4 (size before relaxing)
 .stab          0x00000000000089d0      0x2a0 bin/libcore.a(hooks.c.o)
                                        0x2ac (size before relaxing)
 .stab          0x0000000000008c70      0x378 bin/libcore.a(new.cpp.o)
                                        0x3f0 (size before relaxing)
 .stab          0x0000000000008fe8      0x8dc bin/libcore.a(HardwareSerial0.cpp.o)
                                        0x8e8 (size before relaxing)
 .stab          0x00000000000098c4      0xccc bin/libcore.a(Print.cpp.o)
                                       0x13b0 (size before relaxing)
 .stab          0x000000000000a590      0x798 bin/libcore.a(main.cpp.o)
                                        0x7c8 (size before relaxing)
 .stab          0x000000000000ad28      0xc54 bin/libcore.a(HardwareSerial.cpp.o)
                                        0xce4 (size before relaxing)

.stabstr        0x0000000000000000     0x871e
 *(.stabstr)
 .stabstr       0x0000000000000000     0x871e bin/bbda.cpp.o

.stab.excl
 *(.stab.excl)

.stab.exclstr
 *(.stab.exclstr)

.stab.index
 *(.stab.index)

.stab.indexstr
 *(.stab.indexstr)

.comment        0x0000000000000000       0x22
 *(.comment)
 .comment       0x0000000000000000       0x11 bin/bbda.cpp.o
                                         0x12 (size before relaxing)
 .comment       0x0000000000000011       0x12 bin/scheduler.cpp.o
 .comment       0x0000000000000011       0x12 bin/Time.cpp.o
 .comment       0x0000000000000011       0x12 bin/gsm_ard.cpp.o
 .comment       0x0000000000000011       0x12 bin/MemoryFree.cpp.o
 .comment       0x0000000000000011       0x12 bin/socket_bbd.cpp.o
 .comment       0x0000000000000011       0x12 bin/schedule.cpp.o
 .comment       0x0000000000000011       0x12 bin/dbg.cpp.o
 .comment       0x0000000000000011       0x12 bin/SoftwareSerial.cpp.o
 .comment       0x0000000000000011       0x12 bin/libcore.a(wiring.c.o)
 .comment       0x0000000000000011       0x12 bin/libcore.a(wiring_digital.c.o)
 .comment       0x0000000000000011       0x12 bin/libcore.a(hooks.c.o)
 .comment       0x0000000000000011       0x12 bin/libcore.a(new.cpp.o)
 .comment       0x0000000000000011       0x12 bin/libcore.a(HardwareSerial0.cpp.o)
 .comment       0x0000000000000011       0x12 bin/libcore.a(Print.cpp.o)
 .comment       0x0000000000000011       0x12 bin/libcore.a(main.cpp.o)
 .comment       0x0000000000000011       0x12 bin/libcore.a(HardwareSerial.cpp.o)
 .comment       0x0000000000000011       0x11 /usr/lib/gcc/avr/7.2.0/../../../../avr/lib/avr5/libc.a(malloc.o)
                                         0x12 (size before relaxing)

.note.gnu.avr.deviceinfo
                0x0000000000000000       0x40
 .note.gnu.avr.deviceinfo
                0x0000000000000000       0x40 /usr/lib/gcc/avr/7.2.0/../../../../avr/lib/avr5/crtatmega328p.o

.note.gnu.build-id
 *(.note.gnu.build-id)

.debug
 *(.debug)

.line
 *(.line)

.debug_srcinfo
 *(.debug_srcinfo)

.debug_sfnames
 *(.debug_sfnames)

.debug_aranges
 *(.debug_aranges)

.debug_pubnames
 *(.debug_pubnames)

.debug_info     0x0000000000000000      0x5f4
 *(.debug_info .gnu.linkonce.wi.*)
 .debug_info    0x0000000000000000      0x5f4 /usr/lib/gcc/avr/7.2.0/../../../../avr/lib/avr5/crtatmega328p.o

.debug_abbrev   0x0000000000000000      0x5a2
 *(.debug_abbrev)
 .debug_abbrev  0x0000000000000000      0x5a2 /usr/lib/gcc/avr/7.2.0/../../../../avr/lib/avr5/crtatmega328p.o

.debug_line     0x0000000000000000       0x1d
 *(.debug_line .debug_line.* .debug_line_end)
 .debug_line    0x0000000000000000       0x1d /usr/lib/gcc/avr/7.2.0/../../../../avr/lib/avr5/crtatmega328p.o

.debug_frame
 *(.debug_frame)

.debug_str      0x0000000000000000      0x208
 *(.debug_str)
 .debug_str     0x0000000000000000      0x208 /usr/lib/gcc/avr/7.2.0/../../../../avr/lib/avr5/crtatmega328p.o

.debug_loc
 *(.debug_loc)

.debug_macinfo
 *(.debug_macinfo)

.debug_weaknames
 *(.debug_weaknames)

.debug_funcnames
 *(.debug_funcnames)

.debug_typenames
 *(.debug_typenames)

.debug_varnames
 *(.debug_varnames)

.debug_pubtypes
 *(.debug_pubtypes)

.debug_ranges
 *(.debug_ranges)

.debug_macro
 *(.debug_macro)

.debug_addr
 *(.debug_addr)
OUTPUT(bin/bbda.elf elf32-avr)
LOAD linker stubs

Cross Reference Table

Symbol                                            File
ArduinoSchedules::ArduinoSchedules(unsigned int)  bin/schedule.cpp.o
                                                  bin/scheduler.cpp.o
                                                  bin/bbda.cpp.o
ArduinoSchedules::ArduinoSchedules(unsigned int)  bin/schedule.cpp.o
ArduinoSchedules::add_cicle(schedule_entry, unsigned int, unsigned int) bin/schedule.cpp.o
ArduinoSchedules::add_schedule(ValveSchedule)     bin/schedule.cpp.o
ArduinoSchedules::decode_message(char*, unsigned int) bin/schedule.cpp.o
                                                  bin/bbda.cpp.o
ArduinoSchedules::get_arduino_id()                bin/schedule.cpp.o
ArduinoSchedules::get_schedule_by_valve(unsigned int, ValveSchedule*) bin/schedule.cpp.o
ArduinoSchedules::process_new_schedules(ArduinoSchedules) bin/schedule.cpp.o
                                                  bin/scheduler.cpp.o
ArduinoSchedules::update_schedule(ValveSchedule)  bin/schedule.cpp.o
ArduinoSchedules::~ArduinoSchedules()             bin/schedule.cpp.o
ArduinoSchedules::~ArduinoSchedules()             bin/schedule.cpp.o
                                                  bin/scheduler.cpp.o
                                                  bin/bbda.cpp.o
Gsm_Ard::Gsm_Ard()                                bin/gsm_ard.cpp.o
Gsm_Ard::Gsm_Ard()                                bin/gsm_ard.cpp.o
                                                  bin/bbda.cpp.o
Gsm_Ard::_change_gsm_state(GSM_STATE)             bin/gsm_ard.cpp.o
Gsm_Ard::_clear_recv_buff()                       bin/gsm_ard.cpp.o
Gsm_Ard::_clear_rsp_buff()                        bin/gsm_ard.cpp.o
Gsm_Ard::_clear_sock_buff()                       bin/gsm_ard.cpp.o
Gsm_Ard::_connect_tcp_socket()                    bin/gsm_ard.cpp.o
Gsm_Ard::_disconnect_tcp_socket()                 bin/gsm_ard.cpp.o
Gsm_Ard::_fetch_rsp_from_recv(char const*, unsigned int, unsigned int*) bin/gsm_ard.cpp.o
Gsm_Ard::_fetch_rsp_wo_cmd(unsigned int*)         bin/gsm_ard.cpp.o
Gsm_Ard::_get_rsp(char**)                         bin/gsm_ard.cpp.o
Gsm_Ard::_no_cmd_comp_rsp(char const*, unsigned int, int) bin/gsm_ard.cpp.o
Gsm_Ard::_recv_socket(int)                        bin/gsm_ard.cpp.o
Gsm_Ard::_recv_string(int, int)                   bin/gsm_ard.cpp.o
Gsm_Ard::_recv_tcp_data(unsigned int*)            bin/gsm_ard.cpp.o
Gsm_Ard::_send_cmd_comp_rsp(char const*, unsigned int, char const*, unsigned int, int) bin/gsm_ard.cpp.o
Gsm_Ard::_send_cmd_comp_several_rsp(char const*, unsigned int, char const*, unsigned int, char const*, unsigned int, int) bin/gsm_ard.cpp.o
Gsm_Ard::_send_tcp_data(char*, unsigned int)      bin/gsm_ard.cpp.o
Gsm_Ard::_write_cmd(char const*)                  bin/gsm_ard.cpp.o
Gsm_Ard::attachGPRS()                             bin/gsm_ard.cpp.o
                                                  bin/bbda.cpp.o
Gsm_Ard::dettachGPRS()                            bin/gsm_ard.cpp.o
                                                  bin/bbda.cpp.o
Gsm_Ard::get_gsm_state()                          bin/gsm_ard.cpp.o
                                                  bin/bbda.cpp.o
Gsm_Ard::get_socket_rsp(char**)                   bin/gsm_ard.cpp.o
                                                  bin/bbda.cpp.o
Gsm_Ard::init_gsm_module()                        bin/gsm_ard.cpp.o
                                                  bin/bbda.cpp.o
Gsm_Ard::send_socket_msg(char*, unsigned int, unsigned int*) bin/gsm_ard.cpp.o
                                                  bin/bbda.cpp.o
HardwareSerial::_tx_udr_empty_irq()               bin/libcore.a(HardwareSerial.cpp.o)
                                                  bin/libcore.a(HardwareSerial0.cpp.o)
HardwareSerial::available()                       bin/libcore.a(HardwareSerial.cpp.o)
                                                  bin/libcore.a(HardwareSerial0.cpp.o)
HardwareSerial::availableForWrite()               bin/libcore.a(HardwareSerial.cpp.o)
HardwareSerial::begin(unsigned long, unsigned char) bin/libcore.a(HardwareSerial.cpp.o)
                                                  bin/bbda.cpp.o
HardwareSerial::end()                             bin/libcore.a(HardwareSerial.cpp.o)
HardwareSerial::flush()                           bin/libcore.a(HardwareSerial.cpp.o)
HardwareSerial::peek()                            bin/libcore.a(HardwareSerial.cpp.o)
HardwareSerial::read()                            bin/libcore.a(HardwareSerial.cpp.o)
HardwareSerial::write(unsigned char)              bin/libcore.a(HardwareSerial.cpp.o)
Print::availableForWrite()                        bin/SoftwareSerial.cpp.o
                                                  bin/libcore.a(Print.cpp.o)
Print::flush()                                    bin/libcore.a(Print.cpp.o)
Print::print(Printable const&)                    bin/libcore.a(Print.cpp.o)
Print::print(String const&)                       bin/libcore.a(Print.cpp.o)
Print::print(__FlashStringHelper const*)          bin/libcore.a(Print.cpp.o)
Print::print(char const*)                         bin/libcore.a(Print.cpp.o)
                                                  bin/dbg.cpp.o
                                                  bin/gsm_ard.cpp.o
                                                  bin/bbda.cpp.o
Print::print(char)                                bin/libcore.a(Print.cpp.o)
                                                  bin/dbg.cpp.o
                                                  bin/bbda.cpp.o
Print::print(double, int)                         bin/libcore.a(Print.cpp.o)
Print::print(int, int)                            bin/libcore.a(Print.cpp.o)
                                                  bin/bbda.cpp.o
Print::print(long, int)                           bin/libcore.a(Print.cpp.o)
Print::print(unsigned char, int)                  bin/libcore.a(Print.cpp.o)
                                                  bin/dbg.cpp.o
Print::print(unsigned int, int)                   bin/libcore.a(Print.cpp.o)
                                                  bin/bbda.cpp.o
Print::print(unsigned long, int)                  bin/libcore.a(Print.cpp.o)
Print::printFloat(double, unsigned char)          bin/libcore.a(Print.cpp.o)
Print::printNumber(unsigned long, unsigned char)  bin/libcore.a(Print.cpp.o)
Print::println()                                  bin/libcore.a(Print.cpp.o)
                                                  bin/bbda.cpp.o
Print::println(Printable const&)                  bin/libcore.a(Print.cpp.o)
Print::println(String const&)                     bin/libcore.a(Print.cpp.o)
Print::println(__FlashStringHelper const*)        bin/libcore.a(Print.cpp.o)
Print::println(char const*)                       bin/libcore.a(Print.cpp.o)
                                                  bin/dbg.cpp.o
                                                  bin/gsm_ard.cpp.o
                                                  bin/bbda.cpp.o
Print::println(char)                              bin/libcore.a(Print.cpp.o)
Print::println(double, int)                       bin/libcore.a(Print.cpp.o)
Print::println(int, int)                          bin/libcore.a(Print.cpp.o)
                                                  bin/dbg.cpp.o
                                                  bin/bbda.cpp.o
Print::println(long, int)                         bin/libcore.a(Print.cpp.o)
Print::println(unsigned char, int)                bin/libcore.a(Print.cpp.o)
Print::println(unsigned int, int)                 bin/libcore.a(Print.cpp.o)
                                                  bin/bbda.cpp.o
Print::println(unsigned long, int)                bin/libcore.a(Print.cpp.o)
Print::write(unsigned char const*, unsigned int)  bin/libcore.a(Print.cpp.o)
                                                  bin/libcore.a(HardwareSerial.cpp.o)
                                                  bin/SoftwareSerial.cpp.o
Serial                                            bin/libcore.a(HardwareSerial0.cpp.o)
                                                  bin/dbg.cpp.o
                                                  bin/gsm_ard.cpp.o
                                                  bin/bbda.cpp.o
Serial0_available()                               bin/libcore.a(HardwareSerial0.cpp.o)
                                                  bin/libcore.a(HardwareSerial.cpp.o)
SoftwareSerial::SoftwareSerial(unsigned char, unsigned char, bool) bin/SoftwareSerial.cpp.o
SoftwareSerial::SoftwareSerial(unsigned char, unsigned char, bool) bin/SoftwareSerial.cpp.o
                                                  bin/gsm_ard.cpp.o
SoftwareSerial::_receive_buffer                   bin/SoftwareSerial.cpp.o
SoftwareSerial::_receive_buffer_head              bin/SoftwareSerial.cpp.o
SoftwareSerial::_receive_buffer_tail              bin/SoftwareSerial.cpp.o
SoftwareSerial::active_object                     bin/SoftwareSerial.cpp.o
SoftwareSerial::available()                       bin/SoftwareSerial.cpp.o
                                                  bin/gsm_ard.cpp.o
SoftwareSerial::begin(long)                       bin/SoftwareSerial.cpp.o
                                                  bin/gsm_ard.cpp.o
SoftwareSerial::end()                             bin/SoftwareSerial.cpp.o
SoftwareSerial::flush()                           bin/SoftwareSerial.cpp.o
SoftwareSerial::listen()                          bin/SoftwareSerial.cpp.o
SoftwareSerial::peek()                            bin/SoftwareSerial.cpp.o
SoftwareSerial::read()                            bin/SoftwareSerial.cpp.o
                                                  bin/gsm_ard.cpp.o
SoftwareSerial::rx_pin_read()                     bin/SoftwareSerial.cpp.o
SoftwareSerial::setRX(unsigned char)              bin/SoftwareSerial.cpp.o
SoftwareSerial::setTX(unsigned char)              bin/SoftwareSerial.cpp.o
SoftwareSerial::stopListening()                   bin/SoftwareSerial.cpp.o
SoftwareSerial::subtract_cap(unsigned int, unsigned int) bin/SoftwareSerial.cpp.o
SoftwareSerial::write(unsigned char)              bin/SoftwareSerial.cpp.o
                                                  bin/gsm_ard.cpp.o
SoftwareSerial::~SoftwareSerial()                 bin/SoftwareSerial.cpp.o
SoftwareSerial::~SoftwareSerial()                 bin/SoftwareSerial.cpp.o
                                                  bin/gsm_ard.cpp.o
                                                  bin/bbda.cpp.o
ValveSchedule::ValveSchedule()                    bin/schedule.cpp.o
ValveSchedule::ValveSchedule()                    bin/schedule.cpp.o
ValveSchedule::ValveSchedule(ValveSchedule const&) bin/schedule.cpp.o
ValveSchedule::ValveSchedule(ValveSchedule const&) bin/schedule.cpp.o
ValveSchedule::ValveSchedule(unsigned int, unsigned char) bin/schedule.cpp.o
ValveSchedule::ValveSchedule(unsigned int, unsigned char) bin/schedule.cpp.o
ValveSchedule::add_cicle(schedule_entry)          bin/schedule.cpp.o
ValveSchedule::get_schedule_id()                  bin/schedule.cpp.o
ValveSchedule::get_valve_id()                     bin/schedule.cpp.o
ValveSchedule::~ValveSchedule()                   bin/schedule.cpp.o
ValveSchedule::~ValveSchedule()                   bin/schedule.cpp.o
__addsf3                                          /usr/lib/gcc/avr/7.2.0/../../../../avr/lib/avr5/libm.a(addsf3.o)
                                                  bin/libcore.a(Print.cpp.o)
__addsf3x                                         /usr/lib/gcc/avr/7.2.0/../../../../avr/lib/avr5/libm.a(addsf3x.o)
                                                  /usr/lib/gcc/avr/7.2.0/../../../../avr/lib/avr5/libm.a(addsf3.o)
__bad_interrupt                                   /usr/lib/gcc/avr/7.2.0/../../../../avr/lib/avr5/crtatmega328p.o
__brkval                                          /usr/lib/gcc/avr/7.2.0/../../../../avr/lib/avr5/libc.a(malloc.o)
                                                  bin/MemoryFree.cpp.o
__bss_end                                         /usr/lib/gcc/avr/7.2.0/avr5/libgcc.a(_clear_bss.o)
                                                  bin/MemoryFree.cpp.o
__bss_start                                       /usr/lib/gcc/avr/7.2.0/avr5/libgcc.a(_clear_bss.o)
__bswapsi2                                        /usr/lib/gcc/avr/7.2.0/avr5/libgcc.a(_bswapsi2.o)
                                                  bin/socket_bbd.cpp.o
__cmpsf2                                          /usr/lib/gcc/avr/7.2.0/../../../../avr/lib/avr5/libm.a(cmpsf2.o)
__ctors_end                                       /usr/lib/gcc/avr/7.2.0/avr5/libgcc.a(_ctors.o)
__ctors_start                                     /usr/lib/gcc/avr/7.2.0/avr5/libgcc.a(_ctors.o)
__ctype_isfalse                                   /usr/lib/gcc/avr/7.2.0/../../../../avr/lib/avr5/libc.a(cty_isfalse.o)
                                                  /usr/lib/gcc/avr/7.2.0/../../../../avr/lib/avr5/libc.a(isalpha.o)
__ctype_istrue                                    /usr/lib/gcc/avr/7.2.0/../../../../avr/lib/avr5/libc.a(cty_isfalse.o)
__cxa_deleted_virtual                             bin/libcore.a(abi.cpp.o)
__cxa_pure_virtual                                bin/libcore.a(abi.cpp.o)
                                                  bin/libcore.a(Print.cpp.o)
__data_end                                        /usr/lib/gcc/avr/7.2.0/avr5/libgcc.a(_copy_data.o)
__data_load_start                                 /usr/lib/gcc/avr/7.2.0/avr5/libgcc.a(_copy_data.o)
__data_start                                      /usr/lib/gcc/avr/7.2.0/avr5/libgcc.a(_copy_data.o)
__divmodhi4                                       /usr/lib/gcc/avr/7.2.0/avr5/libgcc.a(_divmodhi4.o)
                                                  bin/SoftwareSerial.cpp.o
                                                  bin/gsm_ard.cpp.o
                                                  bin/Time.cpp.o
__divmodsi4                                       /usr/lib/gcc/avr/7.2.0/avr5/libgcc.a(_divmodsi4.o)
                                                  bin/SoftwareSerial.cpp.o
__divsf3                                          /usr/lib/gcc/avr/7.2.0/../../../../avr/lib/avr5/libm.a(divsf3.o)
                                                  bin/libcore.a(Print.cpp.o)
__divsf3_pse                                      /usr/lib/gcc/avr/7.2.0/../../../../avr/lib/avr5/libm.a(divsf3x.o)
__divsf3x                                         /usr/lib/gcc/avr/7.2.0/../../../../avr/lib/avr5/libm.a(divsf3x.o)
                                                  /usr/lib/gcc/avr/7.2.0/../../../../avr/lib/avr5/libm.a(divsf3.o)
__do_clear_bss                                    /usr/lib/gcc/avr/7.2.0/avr5/libgcc.a(_clear_bss.o)
                                                  /usr/lib/gcc/avr/7.2.0/../../../../avr/lib/avr5/libc.a(malloc.o)
                                                  bin/libcore.a(HardwareSerial0.cpp.o)
                                                  bin/libcore.a(wiring.c.o)
                                                  bin/SoftwareSerial.cpp.o
                                                  bin/DateStrings.cpp.o
                                                  bin/Time.cpp.o
                                                  bin/scheduler.cpp.o
                                                  bin/evController.cpp.o
                                                  bin/bbda.cpp.o
__do_copy_data                                    /usr/lib/gcc/avr/7.2.0/avr5/libgcc.a(_copy_data.o)
                                                  /usr/lib/gcc/avr/7.2.0/../../../../avr/lib/avr5/libc.a(malloc.o)
                                                  bin/libcore.a(HardwareSerial.cpp.o)
                                                  bin/libcore.a(Print.cpp.o)
                                                  bin/SoftwareSerial.cpp.o
                                                  bin/dbg.cpp.o
                                                  bin/gsm_ard.cpp.o
                                                  bin/Time.cpp.o
                                                  bin/evController.cpp.o
                                                  bin/bbda.cpp.o
__do_global_ctors                                 /usr/lib/gcc/avr/7.2.0/avr5/libgcc.a(_ctors.o)
                                                  bin/libcore.a(HardwareSerial0.cpp.o)
                                                  bin/scheduler.cpp.o
                                                  bin/bbda.cpp.o
__do_global_dtors                                 /usr/lib/gcc/avr/7.2.0/avr5/libgcc.a(_dtors.o)
                                                  bin/scheduler.cpp.o
                                                  bin/bbda.cpp.o
__dtors_end                                       /usr/lib/gcc/avr/7.2.0/avr5/libgcc.a(_dtors.o)
__dtors_start                                     /usr/lib/gcc/avr/7.2.0/avr5/libgcc.a(_dtors.o)
__eqsf2                                           /usr/lib/gcc/avr/7.2.0/../../../../avr/lib/avr5/libm.a(cmpsf2.o)
__fixunssfsi                                      /usr/lib/gcc/avr/7.2.0/../../../../avr/lib/avr5/libm.a(fixunssfsi.o)
                                                  bin/libcore.a(Print.cpp.o)
__floatsisf                                       /usr/lib/gcc/avr/7.2.0/../../../../avr/lib/avr5/libm.a(floatsisf.o)
__floatunsisf                                     /usr/lib/gcc/avr/7.2.0/../../../../avr/lib/avr5/libm.a(floatsisf.o)
                                                  bin/libcore.a(Print.cpp.o)
__flp                                             /usr/lib/gcc/avr/7.2.0/../../../../avr/lib/avr5/libc.a(malloc.o)
__fp_cmp                                          /usr/lib/gcc/avr/7.2.0/../../../../avr/lib/avr5/libm.a(fp_cmp.o)
                                                  /usr/lib/gcc/avr/7.2.0/../../../../avr/lib/avr5/libm.a(unordsf2.o)
                                                  /usr/lib/gcc/avr/7.2.0/../../../../avr/lib/avr5/libm.a(gesf2.o)
                                                  /usr/lib/gcc/avr/7.2.0/../../../../avr/lib/avr5/libm.a(cmpsf2.o)
__fp_inf                                          /usr/lib/gcc/avr/7.2.0/../../../../avr/lib/avr5/libm.a(fp_inf.o)
                                                  /usr/lib/gcc/avr/7.2.0/../../../../avr/lib/avr5/libm.a(mulsf3x.o)
                                                  /usr/lib/gcc/avr/7.2.0/../../../../avr/lib/avr5/libm.a(divsf3x.o)
                                                  /usr/lib/gcc/avr/7.2.0/../../../../avr/lib/avr5/libm.a(addsf3x.o)
__fp_nan                                          /usr/lib/gcc/avr/7.2.0/../../../../avr/lib/avr5/libm.a(fp_nan.o)
                                                  /usr/lib/gcc/avr/7.2.0/../../../../avr/lib/avr5/libm.a(mulsf3x.o)
                                                  /usr/lib/gcc/avr/7.2.0/../../../../avr/lib/avr5/libm.a(divsf3x.o)
                                                  /usr/lib/gcc/avr/7.2.0/../../../../avr/lib/avr5/libm.a(addsf3x.o)
__fp_pscA                                         /usr/lib/gcc/avr/7.2.0/../../../../avr/lib/avr5/libm.a(fp_pscA.o)
                                                  /usr/lib/gcc/avr/7.2.0/../../../../avr/lib/avr5/libm.a(mulsf3x.o)
                                                  /usr/lib/gcc/avr/7.2.0/../../../../avr/lib/avr5/libm.a(divsf3x.o)
                                                  /usr/lib/gcc/avr/7.2.0/../../../../avr/lib/avr5/libm.a(addsf3x.o)
__fp_pscB                                         /usr/lib/gcc/avr/7.2.0/../../../../avr/lib/avr5/libm.a(fp_pscB.o)
                                                  /usr/lib/gcc/avr/7.2.0/../../../../avr/lib/avr5/libm.a(mulsf3x.o)
                                                  /usr/lib/gcc/avr/7.2.0/../../../../avr/lib/avr5/libm.a(divsf3x.o)
                                                  /usr/lib/gcc/avr/7.2.0/../../../../avr/lib/avr5/libm.a(addsf3x.o)
__fp_round                                        /usr/lib/gcc/avr/7.2.0/../../../../avr/lib/avr5/libm.a(fp_round.o)
                                                  /usr/lib/gcc/avr/7.2.0/../../../../avr/lib/avr5/libm.a(mulsf3.o)
                                                  /usr/lib/gcc/avr/7.2.0/../../../../avr/lib/avr5/libm.a(divsf3.o)
                                                  /usr/lib/gcc/avr/7.2.0/../../../../avr/lib/avr5/libm.a(addsf3.o)
__fp_split3                                       /usr/lib/gcc/avr/7.2.0/../../../../avr/lib/avr5/libm.a(fp_split3.o)
                                                  /usr/lib/gcc/avr/7.2.0/../../../../avr/lib/avr5/libm.a(mulsf3x.o)
                                                  /usr/lib/gcc/avr/7.2.0/../../../../avr/lib/avr5/libm.a(divsf3x.o)
                                                  /usr/lib/gcc/avr/7.2.0/../../../../avr/lib/avr5/libm.a(addsf3x.o)
__fp_splitA                                       /usr/lib/gcc/avr/7.2.0/../../../../avr/lib/avr5/libm.a(fp_split3.o)
                                                  /usr/lib/gcc/avr/7.2.0/../../../../avr/lib/avr5/libm.a(fixunssfsi.o)
__fp_szero                                        /usr/lib/gcc/avr/7.2.0/../../../../avr/lib/avr5/libm.a(fp_zero.o)
                                                  /usr/lib/gcc/avr/7.2.0/../../../../avr/lib/avr5/libm.a(mulsf3x.o)
                                                  /usr/lib/gcc/avr/7.2.0/../../../../avr/lib/avr5/libm.a(divsf3x.o)
__fp_zero                                         /usr/lib/gcc/avr/7.2.0/../../../../avr/lib/avr5/libm.a(fp_zero.o)
                                                  /usr/lib/gcc/avr/7.2.0/../../../../avr/lib/avr5/libm.a(fixunssfsi.o)
                                                  /usr/lib/gcc/avr/7.2.0/../../../../avr/lib/avr5/libm.a(addsf3x.o)
__gesf2                                           /usr/lib/gcc/avr/7.2.0/../../../../avr/lib/avr5/libm.a(gesf2.o)
__gtsf2                                           /usr/lib/gcc/avr/7.2.0/../../../../avr/lib/avr5/libm.a(gesf2.o)
                                                  bin/libcore.a(Print.cpp.o)
__heap_end                                        /usr/lib/gcc/avr/7.2.0/../../../../avr/lib/avr5/crtatmega328p.o
                                                  /usr/lib/gcc/avr/7.2.0/../../../../avr/lib/avr5/libc.a(malloc.o)
__heap_start                                      /usr/lib/gcc/avr/7.2.0/../../../../avr/lib/avr5/libc.a(malloc.o)
__init                                            /usr/lib/gcc/avr/7.2.0/../../../../avr/lib/avr5/crtatmega328p.o
__lesf2                                           /usr/lib/gcc/avr/7.2.0/../../../../avr/lib/avr5/libm.a(cmpsf2.o)
                                                  bin/libcore.a(Print.cpp.o)
__ltsf2                                           /usr/lib/gcc/avr/7.2.0/../../../../avr/lib/avr5/libm.a(cmpsf2.o)
                                                  bin/libcore.a(Print.cpp.o)
__malloc_heap_end                                 /usr/lib/gcc/avr/7.2.0/../../../../avr/lib/avr5/libc.a(malloc.o)
__malloc_heap_start                               /usr/lib/gcc/avr/7.2.0/../../../../avr/lib/avr5/libc.a(malloc.o)
__malloc_margin                                   /usr/lib/gcc/avr/7.2.0/../../../../avr/lib/avr5/libc.a(malloc.o)
__mulohisi3                                       /usr/lib/gcc/avr/7.2.0/avr5/libgcc.a(_mulshisi3.o)
__mulsf3                                          /usr/lib/gcc/avr/7.2.0/../../../../avr/lib/avr5/libm.a(mulsf3.o)
                                                  bin/libcore.a(Print.cpp.o)
__mulsf3_pse                                      /usr/lib/gcc/avr/7.2.0/../../../../avr/lib/avr5/libm.a(mulsf3x.o)
__mulsf3x                                         /usr/lib/gcc/avr/7.2.0/../../../../avr/lib/avr5/libm.a(mulsf3x.o)
                                                  /usr/lib/gcc/avr/7.2.0/../../../../avr/lib/avr5/libm.a(mulsf3.o)
__mulshisi3                                       /usr/lib/gcc/avr/7.2.0/avr5/libgcc.a(_mulshisi3.o)
                                                  bin/Time.cpp.o
__muluhisi3                                       /usr/lib/gcc/avr/7.2.0/avr5/libgcc.a(_muluhisi3.o)
                                                  /usr/lib/gcc/avr/7.2.0/avr5/libgcc.a(_mulshisi3.o)
                                                  bin/Time.cpp.o
__negsi2                                          /usr/lib/gcc/avr/7.2.0/avr5/libgcc.a(_negsi2.o)
                                                  /usr/lib/gcc/avr/7.2.0/avr5/libgcc.a(_divmodsi4.o)
__nesf2                                           /usr/lib/gcc/avr/7.2.0/../../../../avr/lib/avr5/libm.a(cmpsf2.o)
__stack                                           /usr/lib/gcc/avr/7.2.0/../../../../avr/lib/avr5/crtatmega328p.o
__subsf3                                          /usr/lib/gcc/avr/7.2.0/../../../../avr/lib/avr5/libm.a(addsf3.o)
                                                  bin/libcore.a(Print.cpp.o)
__tablejump2__                                    /usr/lib/gcc/avr/7.2.0/avr5/libgcc.a(_tablejump2.o)
                                                  /usr/lib/gcc/avr/7.2.0/avr5/libgcc.a(_dtors.o)
                                                  /usr/lib/gcc/avr/7.2.0/avr5/libgcc.a(_ctors.o)
__udivmodhi4                                      /usr/lib/gcc/avr/7.2.0/avr5/libgcc.a(_udivmodhi4.o)
                                                  /usr/lib/gcc/avr/7.2.0/avr5/libgcc.a(_divmodhi4.o)
__udivmodsi4                                      /usr/lib/gcc/avr/7.2.0/avr5/libgcc.a(_udivmodsi4.o)
                                                  /usr/lib/gcc/avr/7.2.0/avr5/libgcc.a(_divmodsi4.o)
                                                  bin/libcore.a(HardwareSerial.cpp.o)
                                                  bin/libcore.a(Print.cpp.o)
                                                  bin/Time.cpp.o
__umulhisi3                                       /usr/lib/gcc/avr/7.2.0/avr5/libgcc.a(_umulhisi3.o)
                                                  /usr/lib/gcc/avr/7.2.0/avr5/libgcc.a(_muluhisi3.o)
                                                  bin/Time.cpp.o
__unordsf2                                        /usr/lib/gcc/avr/7.2.0/../../../../avr/lib/avr5/libm.a(unordsf2.o)
                                                  bin/libcore.a(Print.cpp.o)
__vector_1                                        /usr/lib/gcc/avr/7.2.0/../../../../avr/lib/avr5/crtatmega328p.o
__vector_10                                       /usr/lib/gcc/avr/7.2.0/../../../../avr/lib/avr5/crtatmega328p.o
__vector_11                                       /usr/lib/gcc/avr/7.2.0/../../../../avr/lib/avr5/crtatmega328p.o
__vector_12                                       /usr/lib/gcc/avr/7.2.0/../../../../avr/lib/avr5/crtatmega328p.o
__vector_13                                       /usr/lib/gcc/avr/7.2.0/../../../../avr/lib/avr5/crtatmega328p.o
__vector_14                                       /usr/lib/gcc/avr/7.2.0/../../../../avr/lib/avr5/crtatmega328p.o
__vector_15                                       /usr/lib/gcc/avr/7.2.0/../../../../avr/lib/avr5/crtatmega328p.o
__vector_16                                       bin/libcore.a(wiring.c.o)
                                                  /usr/lib/gcc/avr/7.2.0/../../../../avr/lib/avr5/crtatmega328p.o
__vector_17                                       /usr/lib/gcc/avr/7.2.0/../../../../avr/lib/avr5/crtatmega328p.o
__vector_18                                       bin/libcore.a(HardwareSerial0.cpp.o)
                                                  /usr/lib/gcc/avr/7.2.0/../../../../avr/lib/avr5/crtatmega328p.o
__vector_19                                       bin/libcore.a(HardwareSerial0.cpp.o)
                                                  /usr/lib/gcc/avr/7.2.0/../../../../avr/lib/avr5/crtatmega328p.o
__vector_2                                        /usr/lib/gcc/avr/7.2.0/../../../../avr/lib/avr5/crtatmega328p.o
__vector_20                                       /usr/lib/gcc/avr/7.2.0/../../../../avr/lib/avr5/crtatmega328p.o
__vector_21                                       /usr/lib/gcc/avr/7.2.0/../../../../avr/lib/avr5/crtatmega328p.o
__vector_22                                       /usr/lib/gcc/avr/7.2.0/../../../../avr/lib/avr5/crtatmega328p.o
__vector_23                                       /usr/lib/gcc/avr/7.2.0/../../../../avr/lib/avr5/crtatmega328p.o
__vector_24                                       /usr/lib/gcc/avr/7.2.0/../../../../avr/lib/avr5/crtatmega328p.o
__vector_25                                       /usr/lib/gcc/avr/7.2.0/../../../../avr/lib/avr5/crtatmega328p.o
__vector_3                                        bin/SoftwareSerial.cpp.o
                                                  /usr/lib/gcc/avr/7.2.0/../../../../avr/lib/avr5/crtatmega328p.o
__vector_4                                        bin/SoftwareSerial.cpp.o
                                                  /usr/lib/gcc/avr/7.2.0/../../../../avr/lib/avr5/crtatmega328p.o
__vector_5                                        bin/SoftwareSerial.cpp.o
                                                  /usr/lib/gcc/avr/7.2.0/../../../../avr/lib/avr5/crtatmega328p.o
__vector_6                                        /usr/lib/gcc/avr/7.2.0/../../../../avr/lib/avr5/crtatmega328p.o
__vector_7                                        /usr/lib/gcc/avr/7.2.0/../../../../avr/lib/avr5/crtatmega328p.o
__vector_8                                        /usr/lib/gcc/avr/7.2.0/../../../../avr/lib/avr5/crtatmega328p.o
__vector_9                                        /usr/lib/gcc/avr/7.2.0/../../../../avr/lib/avr5/crtatmega328p.o
__vector_default                                  /usr/lib/gcc/avr/7.2.0/../../../../avr/lib/avr5/crtatmega328p.o
__vectors                                         /usr/lib/gcc/avr/7.2.0/../../../../avr/lib/avr5/crtatmega328p.o
_div                                              /usr/lib/gcc/avr/7.2.0/avr5/libgcc.a(_divmodhi4.o)
_exit                                             /usr/lib/gcc/avr/7.2.0/avr5/libgcc.a(_exit.o)
                                                  /usr/lib/gcc/avr/7.2.0/../../../../avr/lib/avr5/libc.a(abort.o)
abort                                             /usr/lib/gcc/avr/7.2.0/../../../../avr/lib/avr5/libc.a(abort.o)
                                                  bin/libcore.a(abi.cpp.o)
adjustTime(long)                                  bin/Time.cpp.o
atexit                                            bin/libcore.a(main.cpp.o)
breakTime(unsigned long, tmElements_t&)           bin/Time.cpp.o
checkin_server()                                  bin/bbda.cpp.o
close_evcs(int)                                   bin/evController.cpp.o
day()                                             bin/Time.cpp.o
                                                  bin/bbda.cpp.o
day(unsigned long)                                bin/Time.cpp.o
dayShortStr(unsigned char)                        bin/DateStrings.cpp.o
dayStr(unsigned char)                             bin/DateStrings.cpp.o
dbg_print_serial_buffer(char const*, int, char const*, char const*, unsigned int) bin/dbg.cpp.o
                                                  bin/gsm_ard.cpp.o
dbg_print_sock_buffer(char const*, int, char const*, char const*, unsigned int) bin/dbg.cpp.o
                                                  bin/gsm_ard.cpp.o
decode_schedule_msg(char*, unsigned char, _schedule_data_*) bin/socket_bbd.cpp.o
decode_time_rsp_msg(char*, unsigned char, unsigned long*) bin/socket_bbd.cpp.o
                                                  bin/bbda.cpp.o
delay                                             bin/libcore.a(wiring.c.o)
                                                  bin/gsm_ard.cpp.o
                                                  bin/bbda.cpp.o
delayMicroseconds                                 bin/libcore.a(wiring.c.o)
digitalClockDisplay()                             bin/bbda.cpp.o
digitalRead                                       bin/libcore.a(wiring_digital.c.o)
digitalWrite                                      bin/libcore.a(wiring_digital.c.o)
                                                  bin/SoftwareSerial.cpp.o
                                                  bin/evController.cpp.o
digital_pin_to_bit_mask_PGM                       bin/libcore.a(wiring_digital.c.o)
                                                  bin/SoftwareSerial.cpp.o
digital_pin_to_port_PGM                           bin/libcore.a(wiring_digital.c.o)
                                                  bin/SoftwareSerial.cpp.o
digital_pin_to_timer_PGM                          bin/libcore.a(wiring_digital.c.o)
evcs_state(int)                                   bin/evController.cpp.o
exit                                              /usr/lib/gcc/avr/7.2.0/avr5/libgcc.a(_exit.o)
                                                  /usr/lib/gcc/avr/7.2.0/../../../../avr/lib/avr5/crtatmega328p.o
free                                              /usr/lib/gcc/avr/7.2.0/../../../../avr/lib/avr5/libc.a(malloc.o)
                                                  bin/libcore.a(new.cpp.o)
freeMemory                                        bin/MemoryFree.cpp.o
                                                  bin/bbda.cpp.o
getTimePtr                                        bin/Time.cpp.o
get_check_requests_msg(char**)                    bin/socket_bbd.cpp.o
                                                  bin/bbda.cpp.o
get_last_sche_msg(char**)                         bin/socket_bbd.cpp.o
                                                  bin/bbda.cpp.o
get_last_schedule()                               bin/bbda.cpp.o
get_time_request_msg(char**)                      bin/socket_bbd.cpp.o
                                                  bin/bbda.cpp.o
gsm                                               bin/bbda.cpp.o
hour()                                            bin/Time.cpp.o
                                                  bin/bbda.cpp.o
hour(unsigned long)                               bin/Time.cpp.o
hourFormat12()                                    bin/Time.cpp.o
hourFormat12(unsigned long)                       bin/Time.cpp.o
init                                              bin/libcore.a(wiring.c.o)
                                                  bin/libcore.a(main.cpp.o)
initVariant                                       bin/libcore.a(main.cpp.o)
init_scheduler(ArduinoSchedules)                  bin/scheduler.cpp.o
                                                  bin/bbda.cpp.o
isAM()                                            bin/Time.cpp.o
isAM(unsigned long)                               bin/Time.cpp.o
isPM()                                            bin/Time.cpp.o
isPM(unsigned long)                               bin/Time.cpp.o
isalpha                                           /usr/lib/gcc/avr/7.2.0/../../../../avr/lib/avr5/libc.a(isalpha.o)
                                                  bin/dbg.cpp.o
islower                                           /usr/lib/gcc/avr/7.2.0/../../../../avr/lib/avr5/libc.a(isalpha.o)
isupper                                           /usr/lib/gcc/avr/7.2.0/../../../../avr/lib/avr5/libc.a(isalpha.o)
last_ci                                           bin/bbda.cpp.o
last_sync                                         bin/bbda.cpp.o
loop                                              bin/bbda.cpp.o
                                                  bin/libcore.a(main.cpp.o)
main                                              bin/libcore.a(main.cpp.o)
                                                  /usr/lib/gcc/avr/7.2.0/../../../../avr/lib/avr5/crtatmega328p.o
makeTime(tmElements_t&)                           bin/Time.cpp.o
malloc                                            /usr/lib/gcc/avr/7.2.0/../../../../avr/lib/avr5/libc.a(malloc.o)
                                                  bin/libcore.a(new.cpp.o)
memcpy                                            /usr/lib/gcc/avr/7.2.0/../../../../avr/lib/avr5/libc.a(memcpy.o)
                                                  bin/schedule.cpp.o
                                                  bin/gsm_ard.cpp.o
memset                                            /usr/lib/gcc/avr/7.2.0/../../../../avr/lib/avr5/libc.a(memset.o)
                                                  bin/bbda.cpp.o
micros                                            bin/libcore.a(wiring.c.o)
millis                                            bin/libcore.a(wiring.c.o)
                                                  bin/Time.cpp.o
minute()                                          bin/Time.cpp.o
                                                  bin/bbda.cpp.o
minute(unsigned long)                             bin/Time.cpp.o
month()                                           bin/Time.cpp.o
                                                  bin/bbda.cpp.o
month(unsigned long)                              bin/Time.cpp.o
monthShortStr(unsigned char)                      bin/DateStrings.cpp.o
monthStr(unsigned char)                           bin/DateStrings.cpp.o
now()                                             bin/Time.cpp.o
                                                  bin/bbda.cpp.o
open_evcs(int)                                    bin/evController.cpp.o
operator delete(void*)                            bin/libcore.a(new.cpp.o)
operator delete[](void*)                          bin/libcore.a(new.cpp.o)
                                                  bin/schedule.cpp.o
                                                  bin/gsm_ard.cpp.o
                                                  bin/bbda.cpp.o
operator new(unsigned int)                        bin/libcore.a(new.cpp.o)
operator new[](unsigned int)                      bin/libcore.a(new.cpp.o)
                                                  bin/schedule.cpp.o
                                                  bin/gsm_ard.cpp.o
                                                  bin/bbda.cpp.o
pinMode                                           bin/libcore.a(wiring_digital.c.o)
                                                  bin/SoftwareSerial.cpp.o
                                                  bin/evController.cpp.o
port_to_input_PGM                                 bin/libcore.a(wiring_digital.c.o)
                                                  bin/SoftwareSerial.cpp.o
port_to_mode_PGM                                  bin/libcore.a(wiring_digital.c.o)
port_to_output_PGM                                bin/libcore.a(wiring_digital.c.o)
                                                  bin/SoftwareSerial.cpp.o
printDigits(int)                                  bin/bbda.cpp.o
process_schedules(ArduinoSchedules)               bin/scheduler.cpp.o
refreshCache(unsigned long)                       bin/Time.cpp.o
request_checked                                   bin/bbda.cpp.o
scheduler_action()                                bin/scheduler.cpp.o
second()                                          bin/Time.cpp.o
                                                  bin/bbda.cpp.o
second(unsigned long)                             bin/Time.cpp.o
serialEvent()                                     bin/libcore.a(HardwareSerial.cpp.o)
serialEventRun()                                  bin/libcore.a(HardwareSerial.cpp.o)
                                                  bin/libcore.a(main.cpp.o)
setSyncInterval(unsigned long)                    bin/Time.cpp.o
setSyncProvider(unsigned long (*)())              bin/Time.cpp.o
setTime(int, int, int, int, int, int)             bin/Time.cpp.o
setTime(unsigned long)                            bin/Time.cpp.o
                                                  bin/bbda.cpp.o
setup                                             bin/bbda.cpp.o
                                                  bin/libcore.a(main.cpp.o)
setupEVController()                               bin/evController.cpp.o
setupUSB()                                        bin/libcore.a(main.cpp.o)
started                                           bin/bbda.cpp.o
strcpy_P                                          /usr/lib/gcc/avr/7.2.0/../../../../avr/lib/avr5/libc.a(strcpy_P.o)
                                                  bin/gsm_ard.cpp.o
                                                  bin/DateStrings.cpp.o
strncmp                                           /usr/lib/gcc/avr/7.2.0/../../../../avr/lib/avr5/libc.a(strncmp.o)
                                                  bin/gsm_ard.cpp.o
strncpy                                           /usr/lib/gcc/avr/7.2.0/../../../../avr/lib/avr5/libc.a(strncpy.o)
                                                  bin/gsm_ard.cpp.o
sync_time_with_server()                           bin/bbda.cpp.o
timeStatus()                                      bin/Time.cpp.o
timeSynced                                        bin/bbda.cpp.o
timer0_millis                                     bin/libcore.a(wiring.c.o)
timer0_overflow_count                             bin/libcore.a(wiring.c.o)
vtable for HardwareSerial                         bin/libcore.a(HardwareSerial.cpp.o)
                                                  bin/libcore.a(HardwareSerial0.cpp.o)
vtable for Print                                  bin/libcore.a(Print.cpp.o)
vtable for SoftwareSerial                         bin/SoftwareSerial.cpp.o
weekday()                                         bin/Time.cpp.o
weekday(unsigned long)                            bin/Time.cpp.o
year()                                            bin/Time.cpp.o
                                                  bin/bbda.cpp.o
year(unsigned long)                               bin/Time.cpp.o
yield                                             bin/libcore.a(hooks.c.o)
                                                  bin/libcore.a(wiring.c.o)
